
> serenity-ai@0.1.0 build
> next build

node.exe : ÔÜá 
Warning: Next.js 
inferred your 
workspace root, but 
it may not be 
correct.
At C:\Program Files\n
odejs\npm.ps1:29 
char:3
+   & $NODE_EXE 
$NPM_CLI_JS $args
+   ~~~~~~~~~~~~~~~~~
~~~~~~~~~~~~
    + CategoryInfo   
           : 
NotSpecifi    ed: 
(ÔÜá Warning:     
Ne...not be correc   
 t.:String) [], Rem  
  oteException
    + 
FullyQualifiedEr    
rorId : NativeComm   
 andError
 
 We detected 
multiple lockfiles 
and selected the 
directory of C:\Users
\kaila\package-lock.j
son as the root 
directory.
 To silence this 
warning, set 
`turbopack.root` in 
your Next.js config, 
or consider removing 
one of the lockfiles 
if it's not needed.
   See https://nextjs
.org/docs/app/api-ref
erence/config/next-co
nfig-js/turbopack#roo
t-directory for more 
information.
 Detected additional 
lockfiles: 
   * C:\Users\kaila\O
neDrive\Desktop\proje
ct2\serenity-ai\packa
ge-lock.json

Ôû▓ Next.js 16.2.1 (Turbopack)
- Environments: .env.local

  Creating an optimized production build ...
Ô£ô Compiled successfully in 2.7s
  Running TypeScript ...
  Finished TypeScript in 3.5s ...
  Collecting page data using 7 workers ...
  Generating static pages using 7 workers (0/12) ...
  Generating static pages using 7 workers (3/12) 
  Generating static pages using 7 workers (6/12) 
  Generating static pages using 7 workers (9/12) 
Ô£ô Generating static pages using 7 workers (12/12) in 649ms
  Finalizing page optimization ...

Route (app)
Ôöî Ôùï /
Ôö£ Ôùï /_not-found
Ôö£ ãÆ /api/chat
Ôö£ Ôùï /chat
Ôö£ Ôùï /community
Ôö£ Ôùï /doctors
Ôö£ Ôùï /emergency
Ôö£ Ôùï /log
Ôö£ Ôùï /profile
Ôöö Ôùï /wellness


Ôùï  (Static)   prerendered as static content
ãÆ  (Dynamic)  server-rendered on demand

